// Jest Snapshot v1, https://goo.gl/fbAQLP

exports[`SubmitComment snapshot should always match the snapshot 1`] = `
ShallowWrapper {
  "length": 1,
  Symbol(enzyme.__root__): [Circular],
  Symbol(enzyme.__unrendered__): <SubmitComment />,
  Symbol(enzyme.__renderer__): Object {
    "batchedUpdates": [Function],
    "getNode": [Function],
    "render": [Function],
    "simulateEvent": [Function],
    "unmount": [Function],
  },
  Symbol(enzyme.__node__): Object {
    "instance": null,
    "key": undefined,
    "nodeType": "host",
    "props": Object {
      "children": <div
        className="submit-comment-form"
      >
        <input
          className="submit-comment-input"
          placeholder="What do you want to say?"
          type="text"
        />
        <input
          onClick={[Function]}
          type="button"
          value="Submit"
        />
      </div>,
      "className": "submit-comment",
    },
    "ref": null,
    "rendered": Object {
      "instance": null,
      "key": undefined,
      "nodeType": "host",
      "props": Object {
        "children": Array [
          <input
            className="submit-comment-input"
            placeholder="What do you want to say?"
            type="text"
          />,
          <input
            onClick={[Function]}
            type="button"
            value="Submit"
          />,
        ],
        "className": "submit-comment-form",
      },
      "ref": null,
      "rendered": Array [
        Object {
          "instance": null,
          "key": undefined,
          "nodeType": "host",
          "props": Object {
            "className": "submit-comment-input",
            "placeholder": "What do you want to say?",
            "type": "text",
          },
          "ref": null,
          "rendered": null,
          "type": "input",
        },
        Object {
          "instance": null,
          "key": undefined,
          "nodeType": "host",
          "props": Object {
            "onClick": [Function],
            "type": "button",
            "value": "Submit",
          },
          "ref": null,
          "rendered": null,
          "type": "input",
        },
      ],
      "type": "div",
    },
    "type": "div",
  },
  Symbol(enzyme.__nodes__): Array [
    Object {
      "instance": null,
      "key": undefined,
      "nodeType": "host",
      "props": Object {
        "children": <div
          className="submit-comment-form"
        >
          <input
            className="submit-comment-input"
            placeholder="What do you want to say?"
            type="text"
          />
          <input
            onClick={[Function]}
            type="button"
            value="Submit"
          />
        </div>,
        "className": "submit-comment",
      },
      "ref": null,
      "rendered": Object {
        "instance": null,
        "key": undefined,
        "nodeType": "host",
        "props": Object {
          "children": Array [
            <input
              className="submit-comment-input"
              placeholder="What do you want to say?"
              type="text"
            />,
            <input
              onClick={[Function]}
              type="button"
              value="Submit"
            />,
          ],
          "className": "submit-comment-form",
        },
        "ref": null,
        "rendered": Array [
          Object {
            "instance": null,
            "key": undefined,
            "nodeType": "host",
            "props": Object {
              "className": "submit-comment-input",
              "placeholder": "What do you want to say?",
              "type": "text",
            },
            "ref": null,
            "rendered": null,
            "type": "input",
          },
          Object {
            "instance": null,
            "key": undefined,
            "nodeType": "host",
            "props": Object {
              "onClick": [Function],
              "type": "button",
              "value": "Submit",
            },
            "ref": null,
            "rendered": null,
            "type": "input",
          },
        ],
        "type": "div",
      },
      "type": "div",
    },
  ],
  Symbol(enzyme.__options__): Object {
    "adapter": ReactSixteenAdapter {
      "options": Object {
        "enableComponentDidUpdateOnSetState": true,
      },
    },
  },
}
`;
