// Jest Snapshot v1, https://goo.gl/fbAQLP

exports[`SquadDashboard snapshot should always match the snapshot 1`] = `
ShallowWrapper {
  "length": 1,
  Symbol(enzyme.__root__): [Circular],
  Symbol(enzyme.__unrendered__): <SquadDashboard
    location={
      Object {
        "state": Object {
          "userId": 1,
        },
      }
    }
    match={
      Object {
        "params": Object {
          "id": 1,
        },
      }
    }
    squad={
      Object {
        "conversation": Array [],
        "conversation_id": 24,
        "id": 18,
        "squad_name": "Jm Squad Squad",
        "users": Array [
          Object {},
        ],
      }
    }
  />,
  Symbol(enzyme.__renderer__): Object {
    "batchedUpdates": [Function],
    "getNode": [Function],
    "render": [Function],
    "simulateEvent": [Function],
    "unmount": [Function],
  },
  Symbol(enzyme.__node__): Object {
    "instance": null,
    "key": undefined,
    "nodeType": "host",
    "props": Object {
      "children": <div
        className="dashboard-body"
      >
        <h1
          className="dashboard-body-title goal-body-title"
        />
        <div
          className="dashboard-body-info"
        >
          <div
            className="squad-dashboard-body-titles"
          >
            <div>
              <h2 />
            </div>
            <div>
              <h2>
                Members
              </h2>
            </div>
            <div>
              <h2>
                Leaderboard
              </h2>
            </div>
            <div>
              <h2>
                Upcoming Goals
              </h2>
            </div>
          </div>
          <div
            className="squad-dashboard-button"
          >
            <div
              className="single-button-container"
            >
              <Link
                className="nav-button"
                replace={false}
                to={
                  Object {
                    "pathname": "/CreateGoals",
                    "state": Object {
                      "userId": 1,
                    },
                  }
                }
              >
                New Goal
              </Link>
            </div>
            <div
              className="single-button-container"
            >
              <input
                className="nav-button"
                onClick={[Function]}
                type="submit"
                value="Join Squad"
              />
            </div>
          </div>
        </div>
      </div>,
      "className": "dashboard-container",
    },
    "ref": null,
    "rendered": Object {
      "instance": null,
      "key": undefined,
      "nodeType": "host",
      "props": Object {
        "children": Array [
          <h1
            className="dashboard-body-title goal-body-title"
          />,
          <div
            className="dashboard-body-info"
          >
            <div
              className="squad-dashboard-body-titles"
            >
              <div>
                <h2 />
              </div>
              <div>
                <h2>
                  Members
                </h2>
              </div>
              <div>
                <h2>
                  Leaderboard
                </h2>
              </div>
              <div>
                <h2>
                  Upcoming Goals
                </h2>
              </div>
            </div>
            <div
              className="squad-dashboard-button"
            >
              <div
                className="single-button-container"
              >
                <Link
                  className="nav-button"
                  replace={false}
                  to={
                    Object {
                      "pathname": "/CreateGoals",
                      "state": Object {
                        "userId": 1,
                      },
                    }
                  }
                >
                  New Goal
                </Link>
              </div>
              <div
                className="single-button-container"
              >
                <input
                  className="nav-button"
                  onClick={[Function]}
                  type="submit"
                  value="Join Squad"
                />
              </div>
            </div>
          </div>,
          false,
        ],
        "className": "dashboard-body",
      },
      "ref": null,
      "rendered": Array [
        Object {
          "instance": null,
          "key": undefined,
          "nodeType": "host",
          "props": Object {
            "children": undefined,
            "className": "dashboard-body-title goal-body-title",
          },
          "ref": null,
          "rendered": null,
          "type": "h1",
        },
        Object {
          "instance": null,
          "key": undefined,
          "nodeType": "host",
          "props": Object {
            "children": Array [
              <div
                className="squad-dashboard-body-titles"
              >
                <div>
                  <h2 />
                </div>
                <div>
                  <h2>
                    Members
                  </h2>
                </div>
                <div>
                  <h2>
                    Leaderboard
                  </h2>
                </div>
                <div>
                  <h2>
                    Upcoming Goals
                  </h2>
                </div>
              </div>,
              <div
                className="squad-dashboard-button"
              >
                <div
                  className="single-button-container"
                >
                  <Link
                    className="nav-button"
                    replace={false}
                    to={
                      Object {
                        "pathname": "/CreateGoals",
                        "state": Object {
                          "userId": 1,
                        },
                      }
                    }
                  >
                    New Goal
                  </Link>
                </div>
                <div
                  className="single-button-container"
                >
                  <input
                    className="nav-button"
                    onClick={[Function]}
                    type="submit"
                    value="Join Squad"
                  />
                </div>
              </div>,
            ],
            "className": "dashboard-body-info",
          },
          "ref": null,
          "rendered": Array [
            Object {
              "instance": null,
              "key": undefined,
              "nodeType": "host",
              "props": Object {
                "children": Array [
                  <div>
                    <h2 />
                  </div>,
                  <div>
                    <h2>
                      Members
                    </h2>
                  </div>,
                  <div>
                    <h2>
                      Leaderboard
                    </h2>
                  </div>,
                  <div>
                    <h2>
                      Upcoming Goals
                    </h2>
                  </div>,
                ],
                "className": "squad-dashboard-body-titles",
              },
              "ref": null,
              "rendered": Array [
                Object {
                  "instance": null,
                  "key": undefined,
                  "nodeType": "host",
                  "props": Object {
                    "children": <h2 />,
                  },
                  "ref": null,
                  "rendered": Object {
                    "instance": null,
                    "key": undefined,
                    "nodeType": "host",
                    "props": Object {
                      "children": undefined,
                    },
                    "ref": null,
                    "rendered": null,
                    "type": "h2",
                  },
                  "type": "div",
                },
                Object {
                  "instance": null,
                  "key": undefined,
                  "nodeType": "host",
                  "props": Object {
                    "children": <h2>
                      Members
                    </h2>,
                  },
                  "ref": null,
                  "rendered": Object {
                    "instance": null,
                    "key": undefined,
                    "nodeType": "host",
                    "props": Object {
                      "children": "Members",
                    },
                    "ref": null,
                    "rendered": "Members",
                    "type": "h2",
                  },
                  "type": "div",
                },
                Object {
                  "instance": null,
                  "key": undefined,
                  "nodeType": "host",
                  "props": Object {
                    "children": <h2>
                      Leaderboard
                    </h2>,
                  },
                  "ref": null,
                  "rendered": Object {
                    "instance": null,
                    "key": undefined,
                    "nodeType": "host",
                    "props": Object {
                      "children": "Leaderboard",
                    },
                    "ref": null,
                    "rendered": "Leaderboard",
                    "type": "h2",
                  },
                  "type": "div",
                },
                Object {
                  "instance": null,
                  "key": undefined,
                  "nodeType": "host",
                  "props": Object {
                    "children": <h2>
                      Upcoming Goals
                    </h2>,
                  },
                  "ref": null,
                  "rendered": Object {
                    "instance": null,
                    "key": undefined,
                    "nodeType": "host",
                    "props": Object {
                      "children": "Upcoming Goals",
                    },
                    "ref": null,
                    "rendered": "Upcoming Goals",
                    "type": "h2",
                  },
                  "type": "div",
                },
              ],
              "type": "div",
            },
            Object {
              "instance": null,
              "key": undefined,
              "nodeType": "host",
              "props": Object {
                "children": Array [
                  <div
                    className="single-button-container"
                  >
                    <Link
                      className="nav-button"
                      replace={false}
                      to={
                        Object {
                          "pathname": "/CreateGoals",
                          "state": Object {
                            "userId": 1,
                          },
                        }
                      }
                    >
                      New Goal
                    </Link>
                  </div>,
                  <div
                    className="single-button-container"
                  >
                    <input
                      className="nav-button"
                      onClick={[Function]}
                      type="submit"
                      value="Join Squad"
                    />
                  </div>,
                ],
                "className": "squad-dashboard-button",
              },
              "ref": null,
              "rendered": Array [
                Object {
                  "instance": null,
                  "key": undefined,
                  "nodeType": "host",
                  "props": Object {
                    "children": <Link
                      className="nav-button"
                      replace={false}
                      to={
                        Object {
                          "pathname": "/CreateGoals",
                          "state": Object {
                            "userId": 1,
                          },
                        }
                      }
                    >
                      New Goal
                    </Link>,
                    "className": "single-button-container",
                  },
                  "ref": null,
                  "rendered": Object {
                    "instance": null,
                    "key": undefined,
                    "nodeType": "class",
                    "props": Object {
                      "children": "New Goal",
                      "className": "nav-button",
                      "replace": false,
                      "to": Object {
                        "pathname": "/CreateGoals",
                        "state": Object {
                          "userId": 1,
                        },
                      },
                    },
                    "ref": null,
                    "rendered": "New Goal",
                    "type": [Function],
                  },
                  "type": "div",
                },
                Object {
                  "instance": null,
                  "key": undefined,
                  "nodeType": "host",
                  "props": Object {
                    "children": <input
                      className="nav-button"
                      onClick={[Function]}
                      type="submit"
                      value="Join Squad"
                    />,
                    "className": "single-button-container",
                  },
                  "ref": null,
                  "rendered": Object {
                    "instance": null,
                    "key": undefined,
                    "nodeType": "host",
                    "props": Object {
                      "className": "nav-button",
                      "onClick": [Function],
                      "type": "submit",
                      "value": "Join Squad",
                    },
                    "ref": null,
                    "rendered": null,
                    "type": "input",
                  },
                  "type": "div",
                },
              ],
              "type": "div",
            },
          ],
          "type": "div",
        },
        false,
      ],
      "type": "div",
    },
    "type": "div",
  },
  Symbol(enzyme.__nodes__): Array [
    Object {
      "instance": null,
      "key": undefined,
      "nodeType": "host",
      "props": Object {
        "children": <div
          className="dashboard-body"
        >
          <h1
            className="dashboard-body-title goal-body-title"
          />
          <div
            className="dashboard-body-info"
          >
            <div
              className="squad-dashboard-body-titles"
            >
              <div>
                <h2 />
              </div>
              <div>
                <h2>
                  Members
                </h2>
              </div>
              <div>
                <h2>
                  Leaderboard
                </h2>
              </div>
              <div>
                <h2>
                  Upcoming Goals
                </h2>
              </div>
            </div>
            <div
              className="squad-dashboard-button"
            >
              <div
                className="single-button-container"
              >
                <Link
                  className="nav-button"
                  replace={false}
                  to={
                    Object {
                      "pathname": "/CreateGoals",
                      "state": Object {
                        "userId": 1,
                      },
                    }
                  }
                >
                  New Goal
                </Link>
              </div>
              <div
                className="single-button-container"
              >
                <input
                  className="nav-button"
                  onClick={[Function]}
                  type="submit"
                  value="Join Squad"
                />
              </div>
            </div>
          </div>
        </div>,
        "className": "dashboard-container",
      },
      "ref": null,
      "rendered": Object {
        "instance": null,
        "key": undefined,
        "nodeType": "host",
        "props": Object {
          "children": Array [
            <h1
              className="dashboard-body-title goal-body-title"
            />,
            <div
              className="dashboard-body-info"
            >
              <div
                className="squad-dashboard-body-titles"
              >
                <div>
                  <h2 />
                </div>
                <div>
                  <h2>
                    Members
                  </h2>
                </div>
                <div>
                  <h2>
                    Leaderboard
                  </h2>
                </div>
                <div>
                  <h2>
                    Upcoming Goals
                  </h2>
                </div>
              </div>
              <div
                className="squad-dashboard-button"
              >
                <div
                  className="single-button-container"
                >
                  <Link
                    className="nav-button"
                    replace={false}
                    to={
                      Object {
                        "pathname": "/CreateGoals",
                        "state": Object {
                          "userId": 1,
                        },
                      }
                    }
                  >
                    New Goal
                  </Link>
                </div>
                <div
                  className="single-button-container"
                >
                  <input
                    className="nav-button"
                    onClick={[Function]}
                    type="submit"
                    value="Join Squad"
                  />
                </div>
              </div>
            </div>,
            false,
          ],
          "className": "dashboard-body",
        },
        "ref": null,
        "rendered": Array [
          Object {
            "instance": null,
            "key": undefined,
            "nodeType": "host",
            "props": Object {
              "children": undefined,
              "className": "dashboard-body-title goal-body-title",
            },
            "ref": null,
            "rendered": null,
            "type": "h1",
          },
          Object {
            "instance": null,
            "key": undefined,
            "nodeType": "host",
            "props": Object {
              "children": Array [
                <div
                  className="squad-dashboard-body-titles"
                >
                  <div>
                    <h2 />
                  </div>
                  <div>
                    <h2>
                      Members
                    </h2>
                  </div>
                  <div>
                    <h2>
                      Leaderboard
                    </h2>
                  </div>
                  <div>
                    <h2>
                      Upcoming Goals
                    </h2>
                  </div>
                </div>,
                <div
                  className="squad-dashboard-button"
                >
                  <div
                    className="single-button-container"
                  >
                    <Link
                      className="nav-button"
                      replace={false}
                      to={
                        Object {
                          "pathname": "/CreateGoals",
                          "state": Object {
                            "userId": 1,
                          },
                        }
                      }
                    >
                      New Goal
                    </Link>
                  </div>
                  <div
                    className="single-button-container"
                  >
                    <input
                      className="nav-button"
                      onClick={[Function]}
                      type="submit"
                      value="Join Squad"
                    />
                  </div>
                </div>,
              ],
              "className": "dashboard-body-info",
            },
            "ref": null,
            "rendered": Array [
              Object {
                "instance": null,
                "key": undefined,
                "nodeType": "host",
                "props": Object {
                  "children": Array [
                    <div>
                      <h2 />
                    </div>,
                    <div>
                      <h2>
                        Members
                      </h2>
                    </div>,
                    <div>
                      <h2>
                        Leaderboard
                      </h2>
                    </div>,
                    <div>
                      <h2>
                        Upcoming Goals
                      </h2>
                    </div>,
                  ],
                  "className": "squad-dashboard-body-titles",
                },
                "ref": null,
                "rendered": Array [
                  Object {
                    "instance": null,
                    "key": undefined,
                    "nodeType": "host",
                    "props": Object {
                      "children": <h2 />,
                    },
                    "ref": null,
                    "rendered": Object {
                      "instance": null,
                      "key": undefined,
                      "nodeType": "host",
                      "props": Object {
                        "children": undefined,
                      },
                      "ref": null,
                      "rendered": null,
                      "type": "h2",
                    },
                    "type": "div",
                  },
                  Object {
                    "instance": null,
                    "key": undefined,
                    "nodeType": "host",
                    "props": Object {
                      "children": <h2>
                        Members
                      </h2>,
                    },
                    "ref": null,
                    "rendered": Object {
                      "instance": null,
                      "key": undefined,
                      "nodeType": "host",
                      "props": Object {
                        "children": "Members",
                      },
                      "ref": null,
                      "rendered": "Members",
                      "type": "h2",
                    },
                    "type": "div",
                  },
                  Object {
                    "instance": null,
                    "key": undefined,
                    "nodeType": "host",
                    "props": Object {
                      "children": <h2>
                        Leaderboard
                      </h2>,
                    },
                    "ref": null,
                    "rendered": Object {
                      "instance": null,
                      "key": undefined,
                      "nodeType": "host",
                      "props": Object {
                        "children": "Leaderboard",
                      },
                      "ref": null,
                      "rendered": "Leaderboard",
                      "type": "h2",
                    },
                    "type": "div",
                  },
                  Object {
                    "instance": null,
                    "key": undefined,
                    "nodeType": "host",
                    "props": Object {
                      "children": <h2>
                        Upcoming Goals
                      </h2>,
                    },
                    "ref": null,
                    "rendered": Object {
                      "instance": null,
                      "key": undefined,
                      "nodeType": "host",
                      "props": Object {
                        "children": "Upcoming Goals",
                      },
                      "ref": null,
                      "rendered": "Upcoming Goals",
                      "type": "h2",
                    },
                    "type": "div",
                  },
                ],
                "type": "div",
              },
              Object {
                "instance": null,
                "key": undefined,
                "nodeType": "host",
                "props": Object {
                  "children": Array [
                    <div
                      className="single-button-container"
                    >
                      <Link
                        className="nav-button"
                        replace={false}
                        to={
                          Object {
                            "pathname": "/CreateGoals",
                            "state": Object {
                              "userId": 1,
                            },
                          }
                        }
                      >
                        New Goal
                      </Link>
                    </div>,
                    <div
                      className="single-button-container"
                    >
                      <input
                        className="nav-button"
                        onClick={[Function]}
                        type="submit"
                        value="Join Squad"
                      />
                    </div>,
                  ],
                  "className": "squad-dashboard-button",
                },
                "ref": null,
                "rendered": Array [
                  Object {
                    "instance": null,
                    "key": undefined,
                    "nodeType": "host",
                    "props": Object {
                      "children": <Link
                        className="nav-button"
                        replace={false}
                        to={
                          Object {
                            "pathname": "/CreateGoals",
                            "state": Object {
                              "userId": 1,
                            },
                          }
                        }
                      >
                        New Goal
                      </Link>,
                      "className": "single-button-container",
                    },
                    "ref": null,
                    "rendered": Object {
                      "instance": null,
                      "key": undefined,
                      "nodeType": "class",
                      "props": Object {
                        "children": "New Goal",
                        "className": "nav-button",
                        "replace": false,
                        "to": Object {
                          "pathname": "/CreateGoals",
                          "state": Object {
                            "userId": 1,
                          },
                        },
                      },
                      "ref": null,
                      "rendered": "New Goal",
                      "type": [Function],
                    },
                    "type": "div",
                  },
                  Object {
                    "instance": null,
                    "key": undefined,
                    "nodeType": "host",
                    "props": Object {
                      "children": <input
                        className="nav-button"
                        onClick={[Function]}
                        type="submit"
                        value="Join Squad"
                      />,
                      "className": "single-button-container",
                    },
                    "ref": null,
                    "rendered": Object {
                      "instance": null,
                      "key": undefined,
                      "nodeType": "host",
                      "props": Object {
                        "className": "nav-button",
                        "onClick": [Function],
                        "type": "submit",
                        "value": "Join Squad",
                      },
                      "ref": null,
                      "rendered": null,
                      "type": "input",
                    },
                    "type": "div",
                  },
                ],
                "type": "div",
              },
            ],
            "type": "div",
          },
          false,
        ],
        "type": "div",
      },
      "type": "div",
    },
  ],
  Symbol(enzyme.__options__): Object {
    "adapter": ReactSixteenAdapter {
      "options": Object {
        "enableComponentDidUpdateOnSetState": true,
      },
    },
  },
}
`;
