// Jest Snapshot v1, https://goo.gl/fbAQLP

exports[`Navigation snapshot should always match the snapshot 1`] = `
ShallowWrapper {
  "length": 1,
  Symbol(enzyme.__root__): [Circular],
  Symbol(enzyme.__unrendered__): <Navigation />,
  Symbol(enzyme.__renderer__): Object {
    "batchedUpdates": [Function],
    "getNode": [Function],
    "render": [Function],
    "simulateEvent": [Function],
    "unmount": [Function],
  },
  Symbol(enzyme.__node__): Object {
    "instance": null,
    "key": undefined,
    "nodeType": "host",
    "props": Object {
      "children": <ul
        className=""
      >
        <li
          className="nav-links"
        >
          <Link
            onClick={[Function]}
            replace={false}
            style={
              Object {
                "display": "none",
              }
            }
            to="/"
          >
            Log Out
          </Link>
        </li>
        <li
          className="nav-links"
        >
          <Link
            replace={false}
            to="/UserDashboard"
          >
            Dashboard
          </Link>
        </li>
      </ul>,
      "className": "navigation",
    },
    "ref": null,
    "rendered": Object {
      "instance": null,
      "key": undefined,
      "nodeType": "host",
      "props": Object {
        "children": Array [
          <li
            className="nav-links"
          >
            <Link
              onClick={[Function]}
              replace={false}
              style={
                Object {
                  "display": "none",
                }
              }
              to="/"
            >
              Log Out
            </Link>
          </li>,
          <li
            className="nav-links"
          >
            <Link
              replace={false}
              to="/UserDashboard"
            >
              Dashboard
            </Link>
          </li>,
        ],
        "className": "",
      },
      "ref": null,
      "rendered": Array [
        Object {
          "instance": null,
          "key": undefined,
          "nodeType": "host",
          "props": Object {
            "children": <Link
              onClick={[Function]}
              replace={false}
              style={
                Object {
                  "display": "none",
                }
              }
              to="/"
            >
              Log Out
            </Link>,
            "className": "nav-links",
          },
          "ref": null,
          "rendered": Object {
            "instance": null,
            "key": undefined,
            "nodeType": "class",
            "props": Object {
              "children": "Log Out",
              "onClick": [Function],
              "replace": false,
              "style": Object {
                "display": "none",
              },
              "to": "/",
            },
            "ref": null,
            "rendered": "Log Out",
            "type": [Function],
          },
          "type": "li",
        },
        Object {
          "instance": null,
          "key": undefined,
          "nodeType": "host",
          "props": Object {
            "children": <Link
              replace={false}
              to="/UserDashboard"
            >
              Dashboard
            </Link>,
            "className": "nav-links",
          },
          "ref": null,
          "rendered": Object {
            "instance": null,
            "key": undefined,
            "nodeType": "class",
            "props": Object {
              "children": "Dashboard",
              "replace": false,
              "to": "/UserDashboard",
            },
            "ref": null,
            "rendered": "Dashboard",
            "type": [Function],
          },
          "type": "li",
        },
      ],
      "type": "ul",
    },
    "type": "nav",
  },
  Symbol(enzyme.__nodes__): Array [
    Object {
      "instance": null,
      "key": undefined,
      "nodeType": "host",
      "props": Object {
        "children": <ul
          className=""
        >
          <li
            className="nav-links"
          >
            <Link
              onClick={[Function]}
              replace={false}
              style={
                Object {
                  "display": "none",
                }
              }
              to="/"
            >
              Log Out
            </Link>
          </li>
          <li
            className="nav-links"
          >
            <Link
              replace={false}
              to="/UserDashboard"
            >
              Dashboard
            </Link>
          </li>
        </ul>,
        "className": "navigation",
      },
      "ref": null,
      "rendered": Object {
        "instance": null,
        "key": undefined,
        "nodeType": "host",
        "props": Object {
          "children": Array [
            <li
              className="nav-links"
            >
              <Link
                onClick={[Function]}
                replace={false}
                style={
                  Object {
                    "display": "none",
                  }
                }
                to="/"
              >
                Log Out
              </Link>
            </li>,
            <li
              className="nav-links"
            >
              <Link
                replace={false}
                to="/UserDashboard"
              >
                Dashboard
              </Link>
            </li>,
          ],
          "className": "",
        },
        "ref": null,
        "rendered": Array [
          Object {
            "instance": null,
            "key": undefined,
            "nodeType": "host",
            "props": Object {
              "children": <Link
                onClick={[Function]}
                replace={false}
                style={
                  Object {
                    "display": "none",
                  }
                }
                to="/"
              >
                Log Out
              </Link>,
              "className": "nav-links",
            },
            "ref": null,
            "rendered": Object {
              "instance": null,
              "key": undefined,
              "nodeType": "class",
              "props": Object {
                "children": "Log Out",
                "onClick": [Function],
                "replace": false,
                "style": Object {
                  "display": "none",
                },
                "to": "/",
              },
              "ref": null,
              "rendered": "Log Out",
              "type": [Function],
            },
            "type": "li",
          },
          Object {
            "instance": null,
            "key": undefined,
            "nodeType": "host",
            "props": Object {
              "children": <Link
                replace={false}
                to="/UserDashboard"
              >
                Dashboard
              </Link>,
              "className": "nav-links",
            },
            "ref": null,
            "rendered": Object {
              "instance": null,
              "key": undefined,
              "nodeType": "class",
              "props": Object {
                "children": "Dashboard",
                "replace": false,
                "to": "/UserDashboard",
              },
              "ref": null,
              "rendered": "Dashboard",
              "type": [Function],
            },
            "type": "li",
          },
        ],
        "type": "ul",
      },
      "type": "nav",
    },
  ],
  Symbol(enzyme.__options__): Object {
    "adapter": ReactSixteenAdapter {
      "options": Object {
        "enableComponentDidUpdateOnSetState": true,
      },
    },
  },
}
`;
