// Jest Snapshot v1, https://goo.gl/fbAQLP

exports[`SquadCard snapshot should always match the snapshot 1`] = `
ShallowWrapper {
  "length": 1,
  Symbol(enzyme.__root__): [Circular],
  Symbol(enzyme.__unrendered__): <SquadCard
    squad={
      Array [
        Object {
          "conversation_id": 5,
          "id": 1,
          "squad_name": "Gizmo",
        },
        Object {
          "conversation_id": 6,
          "id": 2,
          "squad_name": "Mickey",
        },
      ]
    }
  />,
  Symbol(enzyme.__renderer__): Object {
    "batchedUpdates": [Function],
    "getNode": [Function],
    "render": [Function],
    "simulateEvent": [Function],
    "unmount": [Function],
  },
  Symbol(enzyme.__node__): Object {
    "instance": null,
    "key": undefined,
    "nodeType": "host",
    "props": Object {
      "children": Array [
        <td>
          <Link
            replace={false}
            to={
              Object {
                "pathname": "/Squad/undefined",
                "state": Object {
                  "userId": undefined,
                },
              }
            }
          />
        </td>,
        <td />,
        <td />,
      ],
      "className": "squad-row",
    },
    "ref": null,
    "rendered": Array [
      Object {
        "instance": null,
        "key": undefined,
        "nodeType": "host",
        "props": Object {
          "children": <Link
            replace={false}
            to={
              Object {
                "pathname": "/Squad/undefined",
                "state": Object {
                  "userId": undefined,
                },
              }
            }
          />,
        },
        "ref": null,
        "rendered": Object {
          "instance": null,
          "key": undefined,
          "nodeType": "class",
          "props": Object {
            "children": undefined,
            "replace": false,
            "to": Object {
              "pathname": "/Squad/undefined",
              "state": Object {
                "userId": undefined,
              },
            },
          },
          "ref": null,
          "rendered": null,
          "type": [Function],
        },
        "type": "td",
      },
      Object {
        "instance": null,
        "key": undefined,
        "nodeType": "host",
        "props": Object {
          "children": undefined,
        },
        "ref": null,
        "rendered": null,
        "type": "td",
      },
      Object {
        "instance": null,
        "key": undefined,
        "nodeType": "host",
        "props": Object {
          "children": undefined,
        },
        "ref": null,
        "rendered": null,
        "type": "td",
      },
    ],
    "type": "tr",
  },
  Symbol(enzyme.__nodes__): Array [
    Object {
      "instance": null,
      "key": undefined,
      "nodeType": "host",
      "props": Object {
        "children": Array [
          <td>
            <Link
              replace={false}
              to={
                Object {
                  "pathname": "/Squad/undefined",
                  "state": Object {
                    "userId": undefined,
                  },
                }
              }
            />
          </td>,
          <td />,
          <td />,
        ],
        "className": "squad-row",
      },
      "ref": null,
      "rendered": Array [
        Object {
          "instance": null,
          "key": undefined,
          "nodeType": "host",
          "props": Object {
            "children": <Link
              replace={false}
              to={
                Object {
                  "pathname": "/Squad/undefined",
                  "state": Object {
                    "userId": undefined,
                  },
                }
              }
            />,
          },
          "ref": null,
          "rendered": Object {
            "instance": null,
            "key": undefined,
            "nodeType": "class",
            "props": Object {
              "children": undefined,
              "replace": false,
              "to": Object {
                "pathname": "/Squad/undefined",
                "state": Object {
                  "userId": undefined,
                },
              },
            },
            "ref": null,
            "rendered": null,
            "type": [Function],
          },
          "type": "td",
        },
        Object {
          "instance": null,
          "key": undefined,
          "nodeType": "host",
          "props": Object {
            "children": undefined,
          },
          "ref": null,
          "rendered": null,
          "type": "td",
        },
        Object {
          "instance": null,
          "key": undefined,
          "nodeType": "host",
          "props": Object {
            "children": undefined,
          },
          "ref": null,
          "rendered": null,
          "type": "td",
        },
      ],
      "type": "tr",
    },
  ],
  Symbol(enzyme.__options__): Object {
    "adapter": ReactSixteenAdapter {
      "options": Object {
        "enableComponentDidUpdateOnSetState": true,
      },
    },
  },
}
`;
