// Jest Snapshot v1, https://goo.gl/fbAQLP

exports[`MainApp snapshot should always match the snapshot 1`] = `
ShallowWrapper {
  "length": 1,
  Symbol(enzyme.__root__): [Circular],
  Symbol(enzyme.__unrendered__): <GoalCard
    goal={
      Object {
        "conversation_id": 1,
        "creator_id": 1,
        "description": "to rule them all",
        "goal_points": 2300,
        "goal_time": "2018-01-12 15:00:00",
        "id": 1,
        "title": "chess tourney",
      }
    }
  />,
  Symbol(enzyme.__renderer__): Object {
    "batchedUpdates": [Function],
    "getNode": [Function],
    "render": [Function],
    "simulateEvent": [Function],
    "unmount": [Function],
  },
  Symbol(enzyme.__node__): Object {
    "instance": null,
    "key": undefined,
    "nodeType": "host",
    "props": Object {
      "children": Array [
        <td>
          <a
            href={
              Object {
                "pathname": "/Goal/1",
                "state": Object {
                  "userId": undefined,
                },
              }
            }
          >
            chess tourney
          </a>
        </td>,
        <td>
          2018-01-12 15:00:00
        </td>,
        <td>
          2300
        </td>,
      ],
      "className": "goal-row",
    },
    "ref": null,
    "rendered": Array [
      Object {
        "instance": null,
        "key": undefined,
        "nodeType": "host",
        "props": Object {
          "children": <a
            href={
              Object {
                "pathname": "/Goal/1",
                "state": Object {
                  "userId": undefined,
                },
              }
            }
          >
            chess tourney
          </a>,
        },
        "ref": null,
        "rendered": Object {
          "instance": null,
          "key": undefined,
          "nodeType": "host",
          "props": Object {
            "children": "chess tourney",
            "href": Object {
              "pathname": "/Goal/1",
              "state": Object {
                "userId": undefined,
              },
            },
          },
          "ref": null,
          "rendered": "chess tourney",
          "type": "a",
        },
        "type": "td",
      },
      Object {
        "instance": null,
        "key": undefined,
        "nodeType": "host",
        "props": Object {
          "children": "2018-01-12 15:00:00",
        },
        "ref": null,
        "rendered": "2018-01-12 15:00:00",
        "type": "td",
      },
      Object {
        "instance": null,
        "key": undefined,
        "nodeType": "host",
        "props": Object {
          "children": 2300,
        },
        "ref": null,
        "rendered": 2300,
        "type": "td",
      },
    ],
    "type": "tr",
  },
  Symbol(enzyme.__nodes__): Array [
    Object {
      "instance": null,
      "key": undefined,
      "nodeType": "host",
      "props": Object {
        "children": Array [
          <td>
            <a
              href={
                Object {
                  "pathname": "/Goal/1",
                  "state": Object {
                    "userId": undefined,
                  },
                }
              }
            >
              chess tourney
            </a>
          </td>,
          <td>
            2018-01-12 15:00:00
          </td>,
          <td>
            2300
          </td>,
        ],
        "className": "goal-row",
      },
      "ref": null,
      "rendered": Array [
        Object {
          "instance": null,
          "key": undefined,
          "nodeType": "host",
          "props": Object {
            "children": <a
              href={
                Object {
                  "pathname": "/Goal/1",
                  "state": Object {
                    "userId": undefined,
                  },
                }
              }
            >
              chess tourney
            </a>,
          },
          "ref": null,
          "rendered": Object {
            "instance": null,
            "key": undefined,
            "nodeType": "host",
            "props": Object {
              "children": "chess tourney",
              "href": Object {
                "pathname": "/Goal/1",
                "state": Object {
                  "userId": undefined,
                },
              },
            },
            "ref": null,
            "rendered": "chess tourney",
            "type": "a",
          },
          "type": "td",
        },
        Object {
          "instance": null,
          "key": undefined,
          "nodeType": "host",
          "props": Object {
            "children": "2018-01-12 15:00:00",
          },
          "ref": null,
          "rendered": "2018-01-12 15:00:00",
          "type": "td",
        },
        Object {
          "instance": null,
          "key": undefined,
          "nodeType": "host",
          "props": Object {
            "children": 2300,
          },
          "ref": null,
          "rendered": 2300,
          "type": "td",
        },
      ],
      "type": "tr",
    },
  ],
  Symbol(enzyme.__options__): Object {
    "adapter": ReactSixteenAdapter {
      "options": Object {
        "enableComponentDidUpdateOnSetState": true,
      },
    },
  },
}
`;
