// Jest Snapshot v1, https://goo.gl/fbAQLP

exports[`GoalDashboard snapshot should always match the snapshot 1`] = `
ShallowWrapper {
  "length": 1,
  Symbol(enzyme.__root__): [Circular],
  Symbol(enzyme.__unrendered__): <GoalDashboard
    location={
      Object {
        "state": Object {
          "userId": 1,
        },
      }
    }
    match={
      Object {
        "params": Object {
          "id": 1,
        },
      }
    }
    squad={
      Object {
        "conversation": Array [],
        "conversation_id": 24,
        "id": 18,
        "squad_name": "Jm Squad Squad",
        "users": Array [
          Object {},
        ],
      }
    }
  />,
  Symbol(enzyme.__renderer__): Object {
    "batchedUpdates": [Function],
    "getNode": [Function],
    "render": [Function],
    "simulateEvent": [Function],
    "unmount": [Function],
  },
  Symbol(enzyme.__node__): Object {
    "instance": null,
    "key": undefined,
    "nodeType": "host",
    "props": Object {
      "children": <div
        className="dashboard-body"
      >
        <h1
          className="dashboard-body-title goal-body-title"
        />
        <div
          className="dashboard-body-info"
        >
          <div
            className="squad-dashboard-body-titles"
          >
            <p />
          </div>
          <div
            className="goal-dash-content"
          >
            <div>
              <h2>
                Starts at 
              </h2>
            </div>
            <div>
              <h2 />
            </div>
          </div>
          <div
            className="squad-dashboard-button"
          >
            <div
              className="single-button-container"
            >
              <input
                className="nav-button"
                onClick={[Function]}
                type="submit"
                value="Join"
              />
            </div>
          </div>
        </div>
      </div>,
      "className": "dashboard-container",
    },
    "ref": null,
    "rendered": Object {
      "instance": null,
      "key": undefined,
      "nodeType": "host",
      "props": Object {
        "children": Array [
          <h1
            className="dashboard-body-title goal-body-title"
          />,
          <div
            className="dashboard-body-info"
          >
            <div
              className="squad-dashboard-body-titles"
            >
              <p />
            </div>
            <div
              className="goal-dash-content"
            >
              <div>
                <h2>
                  Starts at 
                </h2>
              </div>
              <div>
                <h2 />
              </div>
            </div>
            <div
              className="squad-dashboard-button"
            >
              <div
                className="single-button-container"
              >
                <input
                  className="nav-button"
                  onClick={[Function]}
                  type="submit"
                  value="Join"
                />
              </div>
            </div>
          </div>,
          false,
        ],
        "className": "dashboard-body",
      },
      "ref": null,
      "rendered": Array [
        Object {
          "instance": null,
          "key": undefined,
          "nodeType": "host",
          "props": Object {
            "children": undefined,
            "className": "dashboard-body-title goal-body-title",
          },
          "ref": null,
          "rendered": null,
          "type": "h1",
        },
        Object {
          "instance": null,
          "key": undefined,
          "nodeType": "host",
          "props": Object {
            "children": Array [
              <div
                className="squad-dashboard-body-titles"
              >
                <p />
              </div>,
              <div
                className="goal-dash-content"
              >
                <div>
                  <h2>
                    Starts at 
                  </h2>
                </div>
                <div>
                  <h2 />
                </div>
              </div>,
              <div
                className="squad-dashboard-button"
              >
                <div
                  className="single-button-container"
                >
                  <input
                    className="nav-button"
                    onClick={[Function]}
                    type="submit"
                    value="Join"
                  />
                </div>
              </div>,
            ],
            "className": "dashboard-body-info",
          },
          "ref": null,
          "rendered": Array [
            Object {
              "instance": null,
              "key": undefined,
              "nodeType": "host",
              "props": Object {
                "children": <p />,
                "className": "squad-dashboard-body-titles",
              },
              "ref": null,
              "rendered": Object {
                "instance": null,
                "key": undefined,
                "nodeType": "host",
                "props": Object {
                  "children": undefined,
                },
                "ref": null,
                "rendered": null,
                "type": "p",
              },
              "type": "div",
            },
            Object {
              "instance": null,
              "key": undefined,
              "nodeType": "host",
              "props": Object {
                "children": Array [
                  <div>
                    <h2>
                      Starts at 
                    </h2>
                  </div>,
                  <div>
                    <h2 />
                  </div>,
                ],
                "className": "goal-dash-content",
              },
              "ref": null,
              "rendered": Array [
                Object {
                  "instance": null,
                  "key": undefined,
                  "nodeType": "host",
                  "props": Object {
                    "children": <h2>
                      Starts at 
                    </h2>,
                  },
                  "ref": null,
                  "rendered": Object {
                    "instance": null,
                    "key": undefined,
                    "nodeType": "host",
                    "props": Object {
                      "children": Array [
                        "Starts at ",
                        undefined,
                      ],
                    },
                    "ref": null,
                    "rendered": Array [
                      "Starts at ",
                      undefined,
                    ],
                    "type": "h2",
                  },
                  "type": "div",
                },
                Object {
                  "instance": null,
                  "key": undefined,
                  "nodeType": "host",
                  "props": Object {
                    "children": <h2 />,
                  },
                  "ref": null,
                  "rendered": Object {
                    "instance": null,
                    "key": undefined,
                    "nodeType": "host",
                    "props": Object {
                      "children": undefined,
                    },
                    "ref": null,
                    "rendered": null,
                    "type": "h2",
                  },
                  "type": "div",
                },
              ],
              "type": "div",
            },
            Object {
              "instance": null,
              "key": undefined,
              "nodeType": "host",
              "props": Object {
                "children": <div
                  className="single-button-container"
                >
                  <input
                    className="nav-button"
                    onClick={[Function]}
                    type="submit"
                    value="Join"
                  />
                </div>,
                "className": "squad-dashboard-button",
              },
              "ref": null,
              "rendered": Object {
                "instance": null,
                "key": undefined,
                "nodeType": "host",
                "props": Object {
                  "children": <input
                    className="nav-button"
                    onClick={[Function]}
                    type="submit"
                    value="Join"
                  />,
                  "className": "single-button-container",
                },
                "ref": null,
                "rendered": Object {
                  "instance": null,
                  "key": undefined,
                  "nodeType": "host",
                  "props": Object {
                    "className": "nav-button",
                    "onClick": [Function],
                    "type": "submit",
                    "value": "Join",
                  },
                  "ref": null,
                  "rendered": null,
                  "type": "input",
                },
                "type": "div",
              },
              "type": "div",
            },
          ],
          "type": "div",
        },
        false,
      ],
      "type": "div",
    },
    "type": "div",
  },
  Symbol(enzyme.__nodes__): Array [
    Object {
      "instance": null,
      "key": undefined,
      "nodeType": "host",
      "props": Object {
        "children": <div
          className="dashboard-body"
        >
          <h1
            className="dashboard-body-title goal-body-title"
          />
          <div
            className="dashboard-body-info"
          >
            <div
              className="squad-dashboard-body-titles"
            >
              <p />
            </div>
            <div
              className="goal-dash-content"
            >
              <div>
                <h2>
                  Starts at 
                </h2>
              </div>
              <div>
                <h2 />
              </div>
            </div>
            <div
              className="squad-dashboard-button"
            >
              <div
                className="single-button-container"
              >
                <input
                  className="nav-button"
                  onClick={[Function]}
                  type="submit"
                  value="Join"
                />
              </div>
            </div>
          </div>
        </div>,
        "className": "dashboard-container",
      },
      "ref": null,
      "rendered": Object {
        "instance": null,
        "key": undefined,
        "nodeType": "host",
        "props": Object {
          "children": Array [
            <h1
              className="dashboard-body-title goal-body-title"
            />,
            <div
              className="dashboard-body-info"
            >
              <div
                className="squad-dashboard-body-titles"
              >
                <p />
              </div>
              <div
                className="goal-dash-content"
              >
                <div>
                  <h2>
                    Starts at 
                  </h2>
                </div>
                <div>
                  <h2 />
                </div>
              </div>
              <div
                className="squad-dashboard-button"
              >
                <div
                  className="single-button-container"
                >
                  <input
                    className="nav-button"
                    onClick={[Function]}
                    type="submit"
                    value="Join"
                  />
                </div>
              </div>
            </div>,
            false,
          ],
          "className": "dashboard-body",
        },
        "ref": null,
        "rendered": Array [
          Object {
            "instance": null,
            "key": undefined,
            "nodeType": "host",
            "props": Object {
              "children": undefined,
              "className": "dashboard-body-title goal-body-title",
            },
            "ref": null,
            "rendered": null,
            "type": "h1",
          },
          Object {
            "instance": null,
            "key": undefined,
            "nodeType": "host",
            "props": Object {
              "children": Array [
                <div
                  className="squad-dashboard-body-titles"
                >
                  <p />
                </div>,
                <div
                  className="goal-dash-content"
                >
                  <div>
                    <h2>
                      Starts at 
                    </h2>
                  </div>
                  <div>
                    <h2 />
                  </div>
                </div>,
                <div
                  className="squad-dashboard-button"
                >
                  <div
                    className="single-button-container"
                  >
                    <input
                      className="nav-button"
                      onClick={[Function]}
                      type="submit"
                      value="Join"
                    />
                  </div>
                </div>,
              ],
              "className": "dashboard-body-info",
            },
            "ref": null,
            "rendered": Array [
              Object {
                "instance": null,
                "key": undefined,
                "nodeType": "host",
                "props": Object {
                  "children": <p />,
                  "className": "squad-dashboard-body-titles",
                },
                "ref": null,
                "rendered": Object {
                  "instance": null,
                  "key": undefined,
                  "nodeType": "host",
                  "props": Object {
                    "children": undefined,
                  },
                  "ref": null,
                  "rendered": null,
                  "type": "p",
                },
                "type": "div",
              },
              Object {
                "instance": null,
                "key": undefined,
                "nodeType": "host",
                "props": Object {
                  "children": Array [
                    <div>
                      <h2>
                        Starts at 
                      </h2>
                    </div>,
                    <div>
                      <h2 />
                    </div>,
                  ],
                  "className": "goal-dash-content",
                },
                "ref": null,
                "rendered": Array [
                  Object {
                    "instance": null,
                    "key": undefined,
                    "nodeType": "host",
                    "props": Object {
                      "children": <h2>
                        Starts at 
                      </h2>,
                    },
                    "ref": null,
                    "rendered": Object {
                      "instance": null,
                      "key": undefined,
                      "nodeType": "host",
                      "props": Object {
                        "children": Array [
                          "Starts at ",
                          undefined,
                        ],
                      },
                      "ref": null,
                      "rendered": Array [
                        "Starts at ",
                        undefined,
                      ],
                      "type": "h2",
                    },
                    "type": "div",
                  },
                  Object {
                    "instance": null,
                    "key": undefined,
                    "nodeType": "host",
                    "props": Object {
                      "children": <h2 />,
                    },
                    "ref": null,
                    "rendered": Object {
                      "instance": null,
                      "key": undefined,
                      "nodeType": "host",
                      "props": Object {
                        "children": undefined,
                      },
                      "ref": null,
                      "rendered": null,
                      "type": "h2",
                    },
                    "type": "div",
                  },
                ],
                "type": "div",
              },
              Object {
                "instance": null,
                "key": undefined,
                "nodeType": "host",
                "props": Object {
                  "children": <div
                    className="single-button-container"
                  >
                    <input
                      className="nav-button"
                      onClick={[Function]}
                      type="submit"
                      value="Join"
                    />
                  </div>,
                  "className": "squad-dashboard-button",
                },
                "ref": null,
                "rendered": Object {
                  "instance": null,
                  "key": undefined,
                  "nodeType": "host",
                  "props": Object {
                    "children": <input
                      className="nav-button"
                      onClick={[Function]}
                      type="submit"
                      value="Join"
                    />,
                    "className": "single-button-container",
                  },
                  "ref": null,
                  "rendered": Object {
                    "instance": null,
                    "key": undefined,
                    "nodeType": "host",
                    "props": Object {
                      "className": "nav-button",
                      "onClick": [Function],
                      "type": "submit",
                      "value": "Join",
                    },
                    "ref": null,
                    "rendered": null,
                    "type": "input",
                  },
                  "type": "div",
                },
                "type": "div",
              },
            ],
            "type": "div",
          },
          false,
        ],
        "type": "div",
      },
      "type": "div",
    },
  ],
  Symbol(enzyme.__options__): Object {
    "adapter": ReactSixteenAdapter {
      "options": Object {
        "enableComponentDidUpdateOnSetState": true,
      },
    },
  },
}
`;
